org\project\ingsw2023PaganiniTommasiRussoPorfiri\distributed\socket\middleware\ServerStub.class
org\project\ingsw2023PaganiniTommasiRussoPorfiri\model\GameTwoPlayers.class
org\project\ingsw2023PaganiniTommasiRussoPorfiri\model\GameStatus.class
org\project\ingsw2023PaganiniTommasiRussoPorfiri\AppServerImpl$2.class
org\project\ingsw2023PaganiniTommasiRussoPorfiri\model\TilePositionBoard.class
org\project\ingsw2023PaganiniTommasiRussoPorfiri\model\CommonCardShape.class
org\project\ingsw2023PaganiniTommasiRussoPorfiri\utils\WrongNumberOfTilesException.class
org\project\ingsw2023PaganiniTommasiRussoPorfiri\model\TileType.class
org\project\ingsw2023PaganiniTommasiRussoPorfiri\model\CommonCardAngles.class
org\project\ingsw2023PaganiniTommasiRussoPorfiri\view\TextualUI\ViewMyShelfie.class
org\project\ingsw2023PaganiniTommasiRussoPorfiri\GuiController$MessageService.class
org\project\ingsw2023PaganiniTommasiRussoPorfiri\model\Turn.class
org\project\ingsw2023PaganiniTommasiRussoPorfiri\distributed\Server.class
org\project\ingsw2023PaganiniTommasiRussoPorfiri\model\CommonCard.class
org\project\ingsw2023PaganiniTommasiRussoPorfiri\view\GraphicalUI.class
org\project\ingsw2023PaganiniTommasiRussoPorfiri\model\Turn$Event.class
org\project\ingsw2023PaganiniTommasiRussoPorfiri\model\TileObjBag.class
org\project\ingsw2023PaganiniTommasiRussoPorfiri\utils\Observer.class
org\project\ingsw2023PaganiniTommasiRussoPorfiri\view\SwingUI\LoginGUI$2.class
org\project\ingsw2023PaganiniTommasiRussoPorfiri\model\MyShelfie.class
org\project\ingsw2023PaganiniTommasiRussoPorfiri\view\TextualUI\DrawFromBoardMessage.class
org\project\ingsw2023PaganiniTommasiRussoPorfiri\model\GameFourPlayers.class
org\project\ingsw2023PaganiniTommasiRussoPorfiri\model\Game$2.class
org\project\ingsw2023PaganiniTommasiRussoPorfiri\view\GraphicalUI$1.class
org\project\ingsw2023PaganiniTommasiRussoPorfiri\model\CommonCard3Types.class
module-info.class
org\project\ingsw2023PaganiniTommasiRussoPorfiri\view\TextualUI\ViewMyShelfie$State.class
org\project\ingsw2023PaganiniTommasiRussoPorfiri\model\Player.class
org\project\ingsw2023PaganiniTommasiRussoPorfiri\GuiController$MessageService$1.class
org\project\ingsw2023PaganiniTommasiRussoPorfiri\utils\PositionEmptyException.class
org\project\ingsw2023PaganiniTommasiRussoPorfiri\model\TurnView.class
org\project\ingsw2023PaganiniTommasiRussoPorfiri\view\SwingUI\LoginGUI$1.class
org\project\ingsw2023PaganiniTommasiRussoPorfiri\model\Game$1.class
org\project\ingsw2023PaganiniTommasiRussoPorfiri\model\TileVariant$1.class
org\project\ingsw2023PaganiniTommasiRussoPorfiri\utils\IllegalSizeOfTilesException.class
org\project\ingsw2023PaganiniTommasiRussoPorfiri\App.class
org\project\ingsw2023PaganiniTommasiRussoPorfiri\view\TextualUI\SendMessage.class
org\project\ingsw2023PaganiniTommasiRussoPorfiri\model\CommonCardDiagonal.class
org\project\ingsw2023PaganiniTommasiRussoPorfiri\AppServerImpl$1.class
org\project\ingsw2023PaganiniTommasiRussoPorfiri\utils\IllegalColumnException.class
org\project\ingsw2023PaganiniTommasiRussoPorfiri\model\CommonCard8Tiles$1.class
org\project\ingsw2023PaganiniTommasiRussoPorfiri\model\Shelves.class
org\project\ingsw2023PaganiniTommasiRussoPorfiri\model\TileVariant.class
org\project\ingsw2023PaganiniTommasiRussoPorfiri\distributed\Client.class
org\project\ingsw2023PaganiniTommasiRussoPorfiri\model\Globals.class
org\project\ingsw2023PaganiniTommasiRussoPorfiri\view\TextualUI\ViewMyShelfie$1.class
org\project\ingsw2023PaganiniTommasiRussoPorfiri\distributed\socket\middleware\ClientSkeleton.class
org\project\ingsw2023PaganiniTommasiRussoPorfiri\AppClientRMI.class
org\project\ingsw2023PaganiniTommasiRussoPorfiri\GuiController.class
org\project\ingsw2023PaganiniTommasiRussoPorfiri\view\GraphicalUI$State.class
org\project\ingsw2023PaganiniTommasiRussoPorfiri\utils\DuplicatesInRequestedTilesException.class
org\project\ingsw2023PaganiniTommasiRussoPorfiri\view\SwingUI\LoginGUI.class
org\project\ingsw2023PaganiniTommasiRussoPorfiri\controller\Controller.class
org\project\ingsw2023PaganiniTommasiRussoPorfiri\utils\Observable.class
org\project\ingsw2023PaganiniTommasiRussoPorfiri\AppClientSocket$1.class
org\project\ingsw2023PaganiniTommasiRussoPorfiri\utils\TilesAreNotRemovableException.class
org\project\ingsw2023PaganiniTommasiRussoPorfiri\model\ChoiceMyShelfie.class
org\project\ingsw2023PaganiniTommasiRussoPorfiri\model\Game.class
org\project\ingsw2023PaganiniTommasiRussoPorfiri\view\SwingUI\GameGUI.class
org\project\ingsw2023PaganiniTommasiRussoPorfiri\model\CommonCardStair.class
org\project\ingsw2023PaganiniTommasiRussoPorfiri\distributed\ServerImpl.class
org\project\ingsw2023PaganiniTommasiRussoPorfiri\utils\FullLibraryException.class
org\project\ingsw2023PaganiniTommasiRussoPorfiri\model\TilePositionShelves.class
org\project\ingsw2023PaganiniTommasiRussoPorfiri\AppServer.class
org\project\ingsw2023PaganiniTommasiRussoPorfiri\controller\Controller$1.class
org\project\ingsw2023PaganiniTommasiRussoPorfiri\model\Choice.class
org\project\ingsw2023PaganiniTommasiRussoPorfiri\model\CommonCard8Tiles.class
org\project\ingsw2023PaganiniTommasiRussoPorfiri\model\Ranking.class
org\project\ingsw2023PaganiniTommasiRussoPorfiri\utils\PositionAlreadyOccupiedException.class
org\project\ingsw2023PaganiniTommasiRussoPorfiri\model\CommonCardX.class
org\project\ingsw2023PaganiniTommasiRussoPorfiri\distributed\ClientImpl.class
org\project\ingsw2023PaganiniTommasiRussoPorfiri\model\PersonalCard.class
org\project\ingsw2023PaganiniTommasiRussoPorfiri\GuiApplication.class
org\project\ingsw2023PaganiniTommasiRussoPorfiri\model\GameThreePlayers.class
org\project\ingsw2023PaganiniTommasiRussoPorfiri\AppClientSocket.class
org\project\ingsw2023PaganiniTommasiRussoPorfiri\AppServerImpl.class
org\project\ingsw2023PaganiniTommasiRussoPorfiri\model\Board.class
org\project\ingsw2023PaganiniTommasiRussoPorfiri\view\SwingUI\custom\CustomPanel.class
org\project\ingsw2023PaganiniTommasiRussoPorfiri\model\TileObj.class
org\project\ingsw2023PaganiniTommasiRussoPorfiri\model\MyShelfie$1.class
org\project\ingsw2023PaganiniTommasiRussoPorfiri\utils\BoardDoesNotContainThisPositionException.class
