/Volumes/backup/OnedrivePolimi/pr/ing-sw-2023-paganini-tommasi-russo-porfiri/src/test/java/org/test/CommonCardShapeTest.java
/Volumes/backup/OnedrivePolimi/pr/ing-sw-2023-paganini-tommasi-russo-porfiri/src/test/java/org/test/GameTest.java
/Volumes/backup/OnedrivePolimi/pr/ing-sw-2023-paganini-tommasi-russo-porfiri/src/test/java/org/test/TileObjTest.java
/Volumes/backup/OnedrivePolimi/pr/ing-sw-2023-paganini-tommasi-russo-porfiri/src/test/java/org/test/TurnTest.java
/Volumes/backup/OnedrivePolimi/pr/ing-sw-2023-paganini-tommasi-russo-porfiri/src/test/java/org/test/CommonCardStairTest.java
/Volumes/backup/OnedrivePolimi/pr/ing-sw-2023-paganini-tommasi-russo-porfiri/src/test/java/org/test/TileObjBagTest.java
/Volumes/backup/OnedrivePolimi/pr/ing-sw-2023-paganini-tommasi-russo-porfiri/src/test/java/org/test/PersonalCardTest.java
/Volumes/backup/OnedrivePolimi/pr/ing-sw-2023-paganini-tommasi-russo-porfiri/src/test/java/org/test/TilePositionShelvesTest.java
/Volumes/backup/OnedrivePolimi/pr/ing-sw-2023-paganini-tommasi-russo-porfiri/src/test/java/org/test/AppTest.java
/Volumes/backup/OnedrivePolimi/pr/ing-sw-2023-paganini-tommasi-russo-porfiri/src/test/java/org/test/ChoiceTest.java
/Volumes/backup/OnedrivePolimi/pr/ing-sw-2023-paganini-tommasi-russo-porfiri/src/test/java/org/test/MyShelfieTest.java
/Volumes/backup/OnedrivePolimi/pr/ing-sw-2023-paganini-tommasi-russo-porfiri/src/test/java/org/test/ControllerTest.java
/Volumes/backup/OnedrivePolimi/pr/ing-sw-2023-paganini-tommasi-russo-porfiri/src/test/java/org/test/BoardTest.java
/Volumes/backup/OnedrivePolimi/pr/ing-sw-2023-paganini-tommasi-russo-porfiri/src/test/java/org/test/CommonCardDiagonalTest.java
/Volumes/backup/OnedrivePolimi/pr/ing-sw-2023-paganini-tommasi-russo-porfiri/src/test/java/org/test/CommonCard3TypesTest.java
/Volumes/backup/OnedrivePolimi/pr/ing-sw-2023-paganini-tommasi-russo-porfiri/src/test/java/org/test/OtherTest.java
/Volumes/backup/OnedrivePolimi/pr/ing-sw-2023-paganini-tommasi-russo-porfiri/src/test/java/org/test/CommonCardAnglesTest.java
/Volumes/backup/OnedrivePolimi/pr/ing-sw-2023-paganini-tommasi-russo-porfiri/src/test/java/org/test/ShelvesTest.java
/Volumes/backup/OnedrivePolimi/pr/ing-sw-2023-paganini-tommasi-russo-porfiri/src/test/java/org/test/TilePositionBoardTest.java
/Volumes/backup/OnedrivePolimi/pr/ing-sw-2023-paganini-tommasi-russo-porfiri/src/test/java/org/test/CommonCardXTest.java
/Volumes/backup/OnedrivePolimi/pr/ing-sw-2023-paganini-tommasi-russo-porfiri/src/test/java/org/test/CommonCard8TilesTest.java
/Volumes/backup/OnedrivePolimi/pr/ing-sw-2023-paganini-tommasi-russo-porfiri/src/test/java/org/test/PlayerTest.java
