/Volumes/backup/OnedrivePolimi/pr/ing-sw-2023-paganini-tommasi-russo-porfiri/src/main/java/org/project/ingsw2023PaganiniTommasiRussoPorfiri/model/CommonCardAngles.java
/Volumes/backup/OnedrivePolimi/pr/ing-sw-2023-paganini-tommasi-russo-porfiri/src/main/java/org/project/ingsw2023PaganiniTommasiRussoPorfiri/distributed/ServerImpl.java
/Volumes/backup/OnedrivePolimi/pr/ing-sw-2023-paganini-tommasi-russo-porfiri/src/main/java/org/project/ingsw2023PaganiniTommasiRussoPorfiri/model/CommonCard3Types.java
/Volumes/backup/OnedrivePolimi/pr/ing-sw-2023-paganini-tommasi-russo-porfiri/src/main/java/org/project/ingsw2023PaganiniTommasiRussoPorfiri/utils/IllegalColumnException.java
/Volumes/backup/OnedrivePolimi/pr/ing-sw-2023-paganini-tommasi-russo-porfiri/src/main/java/org/project/ingsw2023PaganiniTommasiRussoPorfiri/AppServerImpl.java
/Volumes/backup/OnedrivePolimi/pr/ing-sw-2023-paganini-tommasi-russo-porfiri/src/main/java/org/project/ingsw2023PaganiniTommasiRussoPorfiri/distributed/socket/middleware/ServerStub.java
/Volumes/backup/OnedrivePolimi/pr/ing-sw-2023-paganini-tommasi-russo-porfiri/src/main/java/org/project/ingsw2023PaganiniTommasiRussoPorfiri/model/Board.java
/Volumes/backup/OnedrivePolimi/pr/ing-sw-2023-paganini-tommasi-russo-porfiri/src/main/java/org/project/ingsw2023PaganiniTommasiRussoPorfiri/model/CommonCard8Tiles.java
/Volumes/backup/OnedrivePolimi/pr/ing-sw-2023-paganini-tommasi-russo-porfiri/src/main/java/org/project/ingsw2023PaganiniTommasiRussoPorfiri/model/Shelves.java
/Volumes/backup/OnedrivePolimi/pr/ing-sw-2023-paganini-tommasi-russo-porfiri/src/main/java/org/project/ingsw2023PaganiniTommasiRussoPorfiri/utils/TilesAreNotRemovableException.java
/Volumes/backup/OnedrivePolimi/pr/ing-sw-2023-paganini-tommasi-russo-porfiri/src/main/java/org/project/ingsw2023PaganiniTommasiRussoPorfiri/view/SwingUI/custom/CustomPanel.java
/Volumes/backup/OnedrivePolimi/pr/ing-sw-2023-paganini-tommasi-russo-porfiri/src/main/java/org/project/ingsw2023PaganiniTommasiRussoPorfiri/model/Player.java
/Volumes/backup/OnedrivePolimi/pr/ing-sw-2023-paganini-tommasi-russo-porfiri/src/main/java/org/project/ingsw2023PaganiniTommasiRussoPorfiri/model/TilePositionBoard.java
/Volumes/backup/OnedrivePolimi/pr/ing-sw-2023-paganini-tommasi-russo-porfiri/src/main/java/org/project/ingsw2023PaganiniTommasiRussoPorfiri/utils/BoardDoesNotContainThisPositionException.java
/Volumes/backup/OnedrivePolimi/pr/ing-sw-2023-paganini-tommasi-russo-porfiri/src/main/java/org/project/ingsw2023PaganiniTommasiRussoPorfiri/view/SwingUI/GameGUI.java
/Volumes/backup/OnedrivePolimi/pr/ing-sw-2023-paganini-tommasi-russo-porfiri/src/main/java/org/project/ingsw2023PaganiniTommasiRussoPorfiri/AppServer.java
/Volumes/backup/OnedrivePolimi/pr/ing-sw-2023-paganini-tommasi-russo-porfiri/src/main/java/org/project/ingsw2023PaganiniTommasiRussoPorfiri/distributed/Client.java
/Volumes/backup/OnedrivePolimi/pr/ing-sw-2023-paganini-tommasi-russo-porfiri/src/main/java/org/project/ingsw2023PaganiniTommasiRussoPorfiri/model/MyShelfie.java
/Volumes/backup/OnedrivePolimi/pr/ing-sw-2023-paganini-tommasi-russo-porfiri/src/main/java/org/project/ingsw2023PaganiniTommasiRussoPorfiri/model/TurnView.java
/Volumes/backup/OnedrivePolimi/pr/ing-sw-2023-paganini-tommasi-russo-porfiri/src/main/java/org/project/ingsw2023PaganiniTommasiRussoPorfiri/model/TileVariant.java
/Volumes/backup/OnedrivePolimi/pr/ing-sw-2023-paganini-tommasi-russo-porfiri/src/main/java/org/project/ingsw2023PaganiniTommasiRussoPorfiri/model/PersonalCard.java
/Volumes/backup/OnedrivePolimi/pr/ing-sw-2023-paganini-tommasi-russo-porfiri/src/main/java/org/project/ingsw2023PaganiniTommasiRussoPorfiri/model/Turn.java
/Volumes/backup/OnedrivePolimi/pr/ing-sw-2023-paganini-tommasi-russo-porfiri/src/main/java/org/project/ingsw2023PaganiniTommasiRussoPorfiri/model/GameFourPlayers.java
/Volumes/backup/OnedrivePolimi/pr/ing-sw-2023-paganini-tommasi-russo-porfiri/src/main/java/module-info.java
/Volumes/backup/OnedrivePolimi/pr/ing-sw-2023-paganini-tommasi-russo-porfiri/src/main/java/org/project/ingsw2023PaganiniTommasiRussoPorfiri/utils/WrongNumberOfTilesException.java
/Volumes/backup/OnedrivePolimi/pr/ing-sw-2023-paganini-tommasi-russo-porfiri/src/main/java/org/project/ingsw2023PaganiniTommasiRussoPorfiri/model/Ranking.java
/Volumes/backup/OnedrivePolimi/pr/ing-sw-2023-paganini-tommasi-russo-porfiri/src/main/java/org/project/ingsw2023PaganiniTommasiRussoPorfiri/model/Globals.java
/Volumes/backup/OnedrivePolimi/pr/ing-sw-2023-paganini-tommasi-russo-porfiri/src/main/java/org/project/ingsw2023PaganiniTommasiRussoPorfiri/model/GameThreePlayers.java
/Volumes/backup/OnedrivePolimi/pr/ing-sw-2023-paganini-tommasi-russo-porfiri/src/main/java/org/project/ingsw2023PaganiniTommasiRussoPorfiri/model/CommonCardX.java
/Volumes/backup/OnedrivePolimi/pr/ing-sw-2023-paganini-tommasi-russo-porfiri/src/main/java/org/project/ingsw2023PaganiniTommasiRussoPorfiri/model/GameTwoPlayers.java
/Volumes/backup/OnedrivePolimi/pr/ing-sw-2023-paganini-tommasi-russo-porfiri/src/main/java/org/project/ingsw2023PaganiniTommasiRussoPorfiri/GuiController.java
/Volumes/backup/OnedrivePolimi/pr/ing-sw-2023-paganini-tommasi-russo-porfiri/src/main/java/org/project/ingsw2023PaganiniTommasiRussoPorfiri/GuiApplication.java
/Volumes/backup/OnedrivePolimi/pr/ing-sw-2023-paganini-tommasi-russo-porfiri/src/main/java/org/project/ingsw2023PaganiniTommasiRussoPorfiri/view/TextualUI/ViewMyShelfie.java
/Volumes/backup/OnedrivePolimi/pr/ing-sw-2023-paganini-tommasi-russo-porfiri/src/main/java/org/project/ingsw2023PaganiniTommasiRussoPorfiri/distributed/ClientImpl.java
/Volumes/backup/OnedrivePolimi/pr/ing-sw-2023-paganini-tommasi-russo-porfiri/src/main/java/org/project/ingsw2023PaganiniTommasiRussoPorfiri/model/Choice.java
/Volumes/backup/OnedrivePolimi/pr/ing-sw-2023-paganini-tommasi-russo-porfiri/src/main/java/org/project/ingsw2023PaganiniTommasiRussoPorfiri/AppClientSocket.java
/Volumes/backup/OnedrivePolimi/pr/ing-sw-2023-paganini-tommasi-russo-porfiri/src/main/java/org/project/ingsw2023PaganiniTommasiRussoPorfiri/distributed/Server.java
/Volumes/backup/OnedrivePolimi/pr/ing-sw-2023-paganini-tommasi-russo-porfiri/src/main/java/org/project/ingsw2023PaganiniTommasiRussoPorfiri/view/TextualUI/SendMessage.java
/Volumes/backup/OnedrivePolimi/pr/ing-sw-2023-paganini-tommasi-russo-porfiri/src/main/java/org/project/ingsw2023PaganiniTommasiRussoPorfiri/utils/PositionEmptyException.java
/Volumes/backup/OnedrivePolimi/pr/ing-sw-2023-paganini-tommasi-russo-porfiri/src/main/java/org/project/ingsw2023PaganiniTommasiRussoPorfiri/utils/FullLibraryException.java
/Volumes/backup/OnedrivePolimi/pr/ing-sw-2023-paganini-tommasi-russo-porfiri/src/main/java/org/project/ingsw2023PaganiniTommasiRussoPorfiri/utils/PositionAlreadyOccupiedException.java
/Volumes/backup/OnedrivePolimi/pr/ing-sw-2023-paganini-tommasi-russo-porfiri/src/main/java/org/project/ingsw2023PaganiniTommasiRussoPorfiri/model/TilePositionShelves.java
/Volumes/backup/OnedrivePolimi/pr/ing-sw-2023-paganini-tommasi-russo-porfiri/src/main/java/org/project/ingsw2023PaganiniTommasiRussoPorfiri/model/TileObj.java
/Volumes/backup/OnedrivePolimi/pr/ing-sw-2023-paganini-tommasi-russo-porfiri/src/main/java/org/project/ingsw2023PaganiniTommasiRussoPorfiri/model/CommonCard.java
/Volumes/backup/OnedrivePolimi/pr/ing-sw-2023-paganini-tommasi-russo-porfiri/src/main/java/org/project/ingsw2023PaganiniTommasiRussoPorfiri/AppClientRMI.java
/Volumes/backup/OnedrivePolimi/pr/ing-sw-2023-paganini-tommasi-russo-porfiri/src/main/java/org/project/ingsw2023PaganiniTommasiRussoPorfiri/view/SwingUI/LoginGUI.java
/Volumes/backup/OnedrivePolimi/pr/ing-sw-2023-paganini-tommasi-russo-porfiri/src/main/java/org/project/ingsw2023PaganiniTommasiRussoPorfiri/view/TextualUI/DrawFromBoardMessage.java
/Volumes/backup/OnedrivePolimi/pr/ing-sw-2023-paganini-tommasi-russo-porfiri/src/main/java/org/project/ingsw2023PaganiniTommasiRussoPorfiri/distributed/socket/middleware/ClientSkeleton.java
/Volumes/backup/OnedrivePolimi/pr/ing-sw-2023-paganini-tommasi-russo-porfiri/src/main/java/org/project/ingsw2023PaganiniTommasiRussoPorfiri/model/CommonCardDiagonal.java
/Volumes/backup/OnedrivePolimi/pr/ing-sw-2023-paganini-tommasi-russo-porfiri/src/main/java/org/project/ingsw2023PaganiniTommasiRussoPorfiri/view/GraphicalUI.java
/Volumes/backup/OnedrivePolimi/pr/ing-sw-2023-paganini-tommasi-russo-porfiri/src/main/java/org/project/ingsw2023PaganiniTommasiRussoPorfiri/utils/Observer.java
/Volumes/backup/OnedrivePolimi/pr/ing-sw-2023-paganini-tommasi-russo-porfiri/src/main/java/org/project/ingsw2023PaganiniTommasiRussoPorfiri/model/TileType.java
/Volumes/backup/OnedrivePolimi/pr/ing-sw-2023-paganini-tommasi-russo-porfiri/src/main/java/org/project/ingsw2023PaganiniTommasiRussoPorfiri/model/TileObjBag.java
/Volumes/backup/OnedrivePolimi/pr/ing-sw-2023-paganini-tommasi-russo-porfiri/src/main/java/org/project/ingsw2023PaganiniTommasiRussoPorfiri/model/GameStatus.java
/Volumes/backup/OnedrivePolimi/pr/ing-sw-2023-paganini-tommasi-russo-porfiri/src/main/java/org/project/ingsw2023PaganiniTommasiRussoPorfiri/model/CommonCardStair.java
/Volumes/backup/OnedrivePolimi/pr/ing-sw-2023-paganini-tommasi-russo-porfiri/src/main/java/org/project/ingsw2023PaganiniTommasiRussoPorfiri/utils/IllegalSizeOfTilesException.java
/Volumes/backup/OnedrivePolimi/pr/ing-sw-2023-paganini-tommasi-russo-porfiri/src/main/java/org/project/ingsw2023PaganiniTommasiRussoPorfiri/utils/Observable.java
/Volumes/backup/OnedrivePolimi/pr/ing-sw-2023-paganini-tommasi-russo-porfiri/src/main/java/org/project/ingsw2023PaganiniTommasiRussoPorfiri/model/ChoiceMyShelfie.java
/Volumes/backup/OnedrivePolimi/pr/ing-sw-2023-paganini-tommasi-russo-porfiri/src/main/java/org/project/ingsw2023PaganiniTommasiRussoPorfiri/App.java
/Volumes/backup/OnedrivePolimi/pr/ing-sw-2023-paganini-tommasi-russo-porfiri/src/main/java/org/project/ingsw2023PaganiniTommasiRussoPorfiri/model/Game.java
/Volumes/backup/OnedrivePolimi/pr/ing-sw-2023-paganini-tommasi-russo-porfiri/src/main/java/org/project/ingsw2023PaganiniTommasiRussoPorfiri/controller/Controller.java
/Volumes/backup/OnedrivePolimi/pr/ing-sw-2023-paganini-tommasi-russo-porfiri/src/main/java/org/project/ingsw2023PaganiniTommasiRussoPorfiri/model/CommonCardShape.java
/Volumes/backup/OnedrivePolimi/pr/ing-sw-2023-paganini-tommasi-russo-porfiri/src/main/java/org/project/ingsw2023PaganiniTommasiRussoPorfiri/utils/DuplicatesInRequestedTilesException.java
