C:\Users\POLIMI\Documents\GitHub\ing-sw-2023-paganini-tommasi-russo-porfiri\src\main\java\org\project\ingsw2023PaganiniTommasiRussoPorfiri\distributed\ServerImpl.java
C:\Users\POLIMI\Documents\GitHub\ing-sw-2023-paganini-tommasi-russo-porfiri\src\main\java\org\project\ingsw2023PaganiniTommasiRussoPorfiri\model\CommonCard3Types.java
C:\Users\POLIMI\Documents\GitHub\ing-sw-2023-paganini-tommasi-russo-porfiri\src\main\java\org\project\ingsw2023PaganiniTommasiRussoPorfiri\AppClientSocket.java
C:\Users\POLIMI\Documents\GitHub\ing-sw-2023-paganini-tommasi-russo-porfiri\src\main\java\org\project\ingsw2023PaganiniTommasiRussoPorfiri\controller\Controller.java
C:\Users\POLIMI\Documents\GitHub\ing-sw-2023-paganini-tommasi-russo-porfiri\src\main\java\org\project\ingsw2023PaganiniTommasiRussoPorfiri\view\SwingUI\GameGUI.java
C:\Users\POLIMI\Documents\GitHub\ing-sw-2023-paganini-tommasi-russo-porfiri\src\main\java\org\project\ingsw2023PaganiniTommasiRussoPorfiri\model\Player.java
C:\Users\POLIMI\Documents\GitHub\ing-sw-2023-paganini-tommasi-russo-porfiri\src\main\java\org\project\ingsw2023PaganiniTommasiRussoPorfiri\model\CommonCard8Tiles.java
C:\Users\POLIMI\Documents\GitHub\ing-sw-2023-paganini-tommasi-russo-porfiri\src\main\java\org\project\ingsw2023PaganiniTommasiRussoPorfiri\model\CommonCardShape.java
C:\Users\POLIMI\Documents\GitHub\ing-sw-2023-paganini-tommasi-russo-porfiri\src\main\java\org\project\ingsw2023PaganiniTommasiRussoPorfiri\utils\PositionAlreadyOccupiedException.java
C:\Users\POLIMI\Documents\GitHub\ing-sw-2023-paganini-tommasi-russo-porfiri\src\main\java\org\project\ingsw2023PaganiniTommasiRussoPorfiri\distributed\ClientImpl.java
C:\Users\POLIMI\Documents\GitHub\ing-sw-2023-paganini-tommasi-russo-porfiri\src\main\java\org\project\ingsw2023PaganiniTommasiRussoPorfiri\model\MyShelfie.java
C:\Users\POLIMI\Documents\GitHub\ing-sw-2023-paganini-tommasi-russo-porfiri\src\main\java\org\project\ingsw2023PaganiniTommasiRussoPorfiri\model\Game.java
C:\Users\POLIMI\Documents\GitHub\ing-sw-2023-paganini-tommasi-russo-porfiri\src\main\java\org\project\ingsw2023PaganiniTommasiRussoPorfiri\distributed\Client.java
C:\Users\POLIMI\Documents\GitHub\ing-sw-2023-paganini-tommasi-russo-porfiri\src\main\java\org\project\ingsw2023PaganiniTommasiRussoPorfiri\view\SwingUI\LoginGUI.java
C:\Users\POLIMI\Documents\GitHub\ing-sw-2023-paganini-tommasi-russo-porfiri\src\main\java\org\project\ingsw2023PaganiniTommasiRussoPorfiri\utils\PositionEmptyException.java
C:\Users\POLIMI\Documents\GitHub\ing-sw-2023-paganini-tommasi-russo-porfiri\src\main\java\org\project\ingsw2023PaganiniTommasiRussoPorfiri\model\CommonCardX.java
C:\Users\POLIMI\Documents\GitHub\ing-sw-2023-paganini-tommasi-russo-porfiri\src\main\java\org\project\ingsw2023PaganiniTommasiRussoPorfiri\utils\Observable.java
C:\Users\POLIMI\Documents\GitHub\ing-sw-2023-paganini-tommasi-russo-porfiri\src\main\java\org\project\ingsw2023PaganiniTommasiRussoPorfiri\model\GameFourPlayers.java
C:\Users\POLIMI\Documents\GitHub\ing-sw-2023-paganini-tommasi-russo-porfiri\src\main\java\org\project\ingsw2023PaganiniTommasiRussoPorfiri\model\GameStatus.java
C:\Users\POLIMI\Documents\GitHub\ing-sw-2023-paganini-tommasi-russo-porfiri\src\main\java\org\project\ingsw2023PaganiniTommasiRussoPorfiri\utils\FullLibraryException.java
C:\Users\POLIMI\Documents\GitHub\ing-sw-2023-paganini-tommasi-russo-porfiri\src\main\java\org\project\ingsw2023PaganiniTommasiRussoPorfiri\model\TileVariant.java
C:\Users\POLIMI\Documents\GitHub\ing-sw-2023-paganini-tommasi-russo-porfiri\src\main\java\org\project\ingsw2023PaganiniTommasiRussoPorfiri\distributed\Server.java
C:\Users\POLIMI\Documents\GitHub\ing-sw-2023-paganini-tommasi-russo-porfiri\src\main\java\org\project\ingsw2023PaganiniTommasiRussoPorfiri\utils\Observer.java
C:\Users\POLIMI\Documents\GitHub\ing-sw-2023-paganini-tommasi-russo-porfiri\src\main\java\org\project\ingsw2023PaganiniTommasiRussoPorfiri\utils\BoardDoesNotContainThisPositionException.java
C:\Users\POLIMI\Documents\GitHub\ing-sw-2023-paganini-tommasi-russo-porfiri\src\main\java\org\project\ingsw2023PaganiniTommasiRussoPorfiri\utils\IllegalColumnException.java
C:\Users\POLIMI\Documents\GitHub\ing-sw-2023-paganini-tommasi-russo-porfiri\src\main\java\org\project\ingsw2023PaganiniTommasiRussoPorfiri\utils\WrongNumberOfTilesException.java
C:\Users\POLIMI\Documents\GitHub\ing-sw-2023-paganini-tommasi-russo-porfiri\src\main\java\org\project\ingsw2023PaganiniTommasiRussoPorfiri\model\CommonCard.java
C:\Users\POLIMI\Documents\GitHub\ing-sw-2023-paganini-tommasi-russo-porfiri\src\main\java\org\project\ingsw2023PaganiniTommasiRussoPorfiri\model\Globals.java
C:\Users\POLIMI\Documents\GitHub\ing-sw-2023-paganini-tommasi-russo-porfiri\src\main\java\org\project\ingsw2023PaganiniTommasiRussoPorfiri\model\CommonCardDiagonal.java
C:\Users\POLIMI\Documents\GitHub\ing-sw-2023-paganini-tommasi-russo-porfiri\src\main\java\org\project\ingsw2023PaganiniTommasiRussoPorfiri\model\TilePositionShelves.java
C:\Users\POLIMI\Documents\GitHub\ing-sw-2023-paganini-tommasi-russo-porfiri\src\main\java\org\project\ingsw2023PaganiniTommasiRussoPorfiri\distributed\socket\middleware\ClientSkeleton.java
C:\Users\POLIMI\Documents\GitHub\ing-sw-2023-paganini-tommasi-russo-porfiri\src\main\java\org\project\ingsw2023PaganiniTommasiRussoPorfiri\model\TilePositionBoard.java
C:\Users\POLIMI\Documents\GitHub\ing-sw-2023-paganini-tommasi-russo-porfiri\src\main\java\org\project\ingsw2023PaganiniTommasiRussoPorfiri\utils\IllegalSizeOfTilesException.java
C:\Users\POLIMI\Documents\GitHub\ing-sw-2023-paganini-tommasi-russo-porfiri\src\main\java\org\project\ingsw2023PaganiniTommasiRussoPorfiri\distributed\socket\middleware\ServerStub.java
C:\Users\POLIMI\Documents\GitHub\ing-sw-2023-paganini-tommasi-russo-porfiri\src\main\java\org\project\ingsw2023PaganiniTommasiRussoPorfiri\utils\DuplicatesInRequestedTilesException.java
C:\Users\POLIMI\Documents\GitHub\ing-sw-2023-paganini-tommasi-russo-porfiri\src\main\java\org\project\ingsw2023PaganiniTommasiRussoPorfiri\GuiController.java
C:\Users\POLIMI\Documents\GitHub\ing-sw-2023-paganini-tommasi-russo-porfiri\src\main\java\org\project\ingsw2023PaganiniTommasiRussoPorfiri\model\CommonCardAngles.java
C:\Users\POLIMI\Documents\GitHub\ing-sw-2023-paganini-tommasi-russo-porfiri\src\main\java\org\project\ingsw2023PaganiniTommasiRussoPorfiri\model\PersonalCard.java
C:\Users\POLIMI\Documents\GitHub\ing-sw-2023-paganini-tommasi-russo-porfiri\src\main\java\org\project\ingsw2023PaganiniTommasiRussoPorfiri\model\Turn.java
C:\Users\POLIMI\Documents\GitHub\ing-sw-2023-paganini-tommasi-russo-porfiri\src\main\java\org\project\ingsw2023PaganiniTommasiRussoPorfiri\model\Choice.java
C:\Users\POLIMI\Documents\GitHub\ing-sw-2023-paganini-tommasi-russo-porfiri\src\main\java\org\project\ingsw2023PaganiniTommasiRussoPorfiri\model\GameTwoPlayers.java
C:\Users\POLIMI\Documents\GitHub\ing-sw-2023-paganini-tommasi-russo-porfiri\src\main\java\org\project\ingsw2023PaganiniTommasiRussoPorfiri\App.java
C:\Users\POLIMI\Documents\GitHub\ing-sw-2023-paganini-tommasi-russo-porfiri\src\main\java\org\project\ingsw2023PaganiniTommasiRussoPorfiri\model\TileObjBag.java
C:\Users\POLIMI\Documents\GitHub\ing-sw-2023-paganini-tommasi-russo-porfiri\src\main\java\org\project\ingsw2023PaganiniTommasiRussoPorfiri\AppServerImpl.java
C:\Users\POLIMI\Documents\GitHub\ing-sw-2023-paganini-tommasi-russo-porfiri\src\main\java\org\project\ingsw2023PaganiniTommasiRussoPorfiri\model\TileType.java
C:\Users\POLIMI\Documents\GitHub\ing-sw-2023-paganini-tommasi-russo-porfiri\src\main\java\org\project\ingsw2023PaganiniTommasiRussoPorfiri\model\TurnView.java
C:\Users\POLIMI\Documents\GitHub\ing-sw-2023-paganini-tommasi-russo-porfiri\src\main\java\org\project\ingsw2023PaganiniTommasiRussoPorfiri\utils\TilesAreNotRemovableException.java
C:\Users\POLIMI\Documents\GitHub\ing-sw-2023-paganini-tommasi-russo-porfiri\src\main\java\module-info.java
C:\Users\POLIMI\Documents\GitHub\ing-sw-2023-paganini-tommasi-russo-porfiri\src\main\java\org\project\ingsw2023PaganiniTommasiRussoPorfiri\GuiApplication.java
C:\Users\POLIMI\Documents\GitHub\ing-sw-2023-paganini-tommasi-russo-porfiri\src\main\java\org\project\ingsw2023PaganiniTommasiRussoPorfiri\model\Board.java
C:\Users\POLIMI\Documents\GitHub\ing-sw-2023-paganini-tommasi-russo-porfiri\src\main\java\org\project\ingsw2023PaganiniTommasiRussoPorfiri\model\ChoiceMyShelfie.java
C:\Users\POLIMI\Documents\GitHub\ing-sw-2023-paganini-tommasi-russo-porfiri\src\main\java\org\project\ingsw2023PaganiniTommasiRussoPorfiri\AppClientRMI.java
C:\Users\POLIMI\Documents\GitHub\ing-sw-2023-paganini-tommasi-russo-porfiri\src\main\java\org\project\ingsw2023PaganiniTommasiRussoPorfiri\view\TextualUI\ViewMyShelfie.java
C:\Users\POLIMI\Documents\GitHub\ing-sw-2023-paganini-tommasi-russo-porfiri\src\main\java\org\project\ingsw2023PaganiniTommasiRussoPorfiri\model\CommonCardStair.java
C:\Users\POLIMI\Documents\GitHub\ing-sw-2023-paganini-tommasi-russo-porfiri\src\main\java\org\project\ingsw2023PaganiniTommasiRussoPorfiri\model\Ranking.java
C:\Users\POLIMI\Documents\GitHub\ing-sw-2023-paganini-tommasi-russo-porfiri\src\main\java\org\project\ingsw2023PaganiniTommasiRussoPorfiri\view\SwingUI\custom\CustomPanel.java
C:\Users\POLIMI\Documents\GitHub\ing-sw-2023-paganini-tommasi-russo-porfiri\src\main\java\org\project\ingsw2023PaganiniTommasiRussoPorfiri\AppServer.java
C:\Users\POLIMI\Documents\GitHub\ing-sw-2023-paganini-tommasi-russo-porfiri\src\main\java\org\project\ingsw2023PaganiniTommasiRussoPorfiri\view\TextualUI\DrawFromBoardMessage.java
C:\Users\POLIMI\Documents\GitHub\ing-sw-2023-paganini-tommasi-russo-porfiri\src\main\java\org\project\ingsw2023PaganiniTommasiRussoPorfiri\view\TextualUI\SendMessage.java
C:\Users\POLIMI\Documents\GitHub\ing-sw-2023-paganini-tommasi-russo-porfiri\src\main\java\org\project\ingsw2023PaganiniTommasiRussoPorfiri\model\GameThreePlayers.java
C:\Users\POLIMI\Documents\GitHub\ing-sw-2023-paganini-tommasi-russo-porfiri\src\main\java\org\project\ingsw2023PaganiniTommasiRussoPorfiri\model\Shelves.java
C:\Users\POLIMI\Documents\GitHub\ing-sw-2023-paganini-tommasi-russo-porfiri\src\main\java\org\project\ingsw2023PaganiniTommasiRussoPorfiri\model\TileObj.java
