C:\Users\POLIMI\Documents\GitHub\ing-sw-2023-paganini-tommasi-russo-porfiri\src\test\java\org\test\CommonCard8TilesTest.java
C:\Users\POLIMI\Documents\GitHub\ing-sw-2023-paganini-tommasi-russo-porfiri\src\test\java\org\test\CommonCardAnglesTest.java
C:\Users\POLIMI\Documents\GitHub\ing-sw-2023-paganini-tommasi-russo-porfiri\src\test\java\org\test\GameTest.java
C:\Users\POLIMI\Documents\GitHub\ing-sw-2023-paganini-tommasi-russo-porfiri\src\test\java\org\test\TilePositionShelvesTest.java
C:\Users\POLIMI\Documents\GitHub\ing-sw-2023-paganini-tommasi-russo-porfiri\src\test\java\org\test\PlayerTest.java
C:\Users\POLIMI\Documents\GitHub\ing-sw-2023-paganini-tommasi-russo-porfiri\src\test\java\org\test\CommonCard3TypesTest.java
C:\Users\POLIMI\Documents\GitHub\ing-sw-2023-paganini-tommasi-russo-porfiri\src\test\java\org\test\CommonCardXTest.java
C:\Users\POLIMI\Documents\GitHub\ing-sw-2023-paganini-tommasi-russo-porfiri\src\test\java\org\test\TileObjTest.java
C:\Users\POLIMI\Documents\GitHub\ing-sw-2023-paganini-tommasi-russo-porfiri\src\test\java\org\test\BoardTest.java
C:\Users\POLIMI\Documents\GitHub\ing-sw-2023-paganini-tommasi-russo-porfiri\src\test\java\org\test\TurnTest.java
C:\Users\POLIMI\Documents\GitHub\ing-sw-2023-paganini-tommasi-russo-porfiri\src\test\java\org\test\CommonCardDiagonalTest.java
C:\Users\POLIMI\Documents\GitHub\ing-sw-2023-paganini-tommasi-russo-porfiri\src\test\java\org\test\ControllerTest.java
C:\Users\POLIMI\Documents\GitHub\ing-sw-2023-paganini-tommasi-russo-porfiri\src\test\java\org\test\OtherTest.java
C:\Users\POLIMI\Documents\GitHub\ing-sw-2023-paganini-tommasi-russo-porfiri\src\test\java\org\test\CommonCardStairTest.java
C:\Users\POLIMI\Documents\GitHub\ing-sw-2023-paganini-tommasi-russo-porfiri\src\test\java\org\test\PersonalCardTest.java
C:\Users\POLIMI\Documents\GitHub\ing-sw-2023-paganini-tommasi-russo-porfiri\src\test\java\org\test\CommonCardShapeTest.java
C:\Users\POLIMI\Documents\GitHub\ing-sw-2023-paganini-tommasi-russo-porfiri\src\test\java\org\test\ShelvesTest.java
C:\Users\POLIMI\Documents\GitHub\ing-sw-2023-paganini-tommasi-russo-porfiri\src\test\java\org\test\AppTest.java
C:\Users\POLIMI\Documents\GitHub\ing-sw-2023-paganini-tommasi-russo-porfiri\src\test\java\org\test\ChoiceTest.java
C:\Users\POLIMI\Documents\GitHub\ing-sw-2023-paganini-tommasi-russo-porfiri\src\test\java\org\test\TilePositionBoardTest.java
C:\Users\POLIMI\Documents\GitHub\ing-sw-2023-paganini-tommasi-russo-porfiri\src\test\java\org\test\MyShelfieTest.java
C:\Users\POLIMI\Documents\GitHub\ing-sw-2023-paganini-tommasi-russo-porfiri\src\test\java\org\test\TileObjBagTest.java
